#-----------------------------------------------------------
# Vivado v2022.2 (64-bit)
# SW Build 3671981 on Fri Oct 14 05:00:03 MDT 2022
# IP Build 3669848 on Fri Oct 14 08:30:02 MDT 2022
# Start of session at: Wed Sep  2 14:21:30 2026
# Process ID: 18736
# Current directory: E:/Project_FPGA/DACN
# Command line: vivado.exe -mode batch -source scripts/synth_ooc.tcl
# Log file: E:/Project_FPGA/DACN/vivado.log
# Journal file: E:/Project_FPGA/DACN\vivado.jou
# Running On: DESKTOP-B2JP29G, OS: Windows, CPU Frequency: 3187 MHz, CPU Physical cores: 12, Host memory: 16792 MB
#-----------------------------------------------------------
source scripts/synth_ooc.tcl
# set part_name   xc7a35tcpg236-1
# set top_module  ascon_apb
# set report_dir  reports
# set rtl_files {
#     rtl/core/ascon_sbox.v
#     rtl/core/ascon_linear.v
#     rtl/core/ascon_round.v
#     rtl/core/ascon_perm.v
#     rtl/core/ascon_aead_fsm.v
#     rtl/ip/ascon_apb.v
# }
# set xdc_file constraints/ascon_apb_ooc.xdc
# file mkdir $report_dir
# read_verilog $rtl_files
# read_xdc $xdc_file
# synth_design -top $top_module -part $part_name -mode out_of_context
Command: synth_design -top ascon_apb -part xc7a35tcpg236-1 -mode out_of_context
Starting synth_design
Attempting to get a license for feature 'Synthesis' and/or device 'xc7a35t'
INFO: [Common 17-349] Got license for feature 'Synthesis' and/or device 'xc7a35t'
INFO: [Device 21-403] Loading part xc7a35tcpg236-1
INFO: [Synth 8-7079] Multithreading enabled for synth_design using a maximum of 2 processes.
INFO: [Synth 8-7078] Launching helper process for spawning children vivado processes
INFO: [Synth 8-7075] Helper process launched with PID 22500
INFO: [Synth 8-11241] undeclared symbol 'REGCCE', assumed default net type 'wire' [C:/Xilinx/Vivado/2022.2/data/verilog/src/unimacro/BRAM_SINGLE_MACRO.v:2170]
---------------------------------------------------------------------------------
Starting RTL Elaboration : Time (s): cpu = 00:00:03 ; elapsed = 00:00:03 . Memory (MB): peak = 1203.016 ; gain = 407.117
---------------------------------------------------------------------------------
INFO: [Synth 8-6157] synthesizing module 'ascon_apb' [E:/Project_FPGA/DACN/rtl/ip/ascon_apb.v:12]
INFO: [Synth 8-6157] synthesizing module 'ascon_aead_fsm' [E:/Project_FPGA/DACN/rtl/core/ascon_aead_fsm.v:10]
INFO: [Synth 8-6157] synthesizing module 'ascon_perm' [E:/Project_FPGA/DACN/rtl/core/ascon_perm.v:8]
INFO: [Synth 8-6157] synthesizing module 'ascon_round' [E:/Project_FPGA/DACN/rtl/core/ascon_round.v:6]
INFO: [Synth 8-226] default block is never used [E:/Project_FPGA/DACN/rtl/core/ascon_round.v:24]
INFO: [Synth 8-6157] synthesizing module 'ascon_sbox' [E:/Project_FPGA/DACN/rtl/core/ascon_sbox.v:5]
INFO: [Synth 8-6155] done synthesizing module 'ascon_sbox' (0#1) [E:/Project_FPGA/DACN/rtl/core/ascon_sbox.v:5]
INFO: [Synth 8-6157] synthesizing module 'ascon_linear' [E:/Project_FPGA/DACN/rtl/core/ascon_linear.v:4]
INFO: [Synth 8-6155] done synthesizing module 'ascon_linear' (0#1) [E:/Project_FPGA/DACN/rtl/core/ascon_linear.v:4]
INFO: [Synth 8-6155] done synthesizing module 'ascon_round' (0#1) [E:/Project_FPGA/DACN/rtl/core/ascon_round.v:6]
INFO: [Synth 8-6155] done synthesizing module 'ascon_perm' (0#1) [E:/Project_FPGA/DACN/rtl/core/ascon_perm.v:8]
INFO: [Synth 8-6155] done synthesizing module 'ascon_aead_fsm' (0#1) [E:/Project_FPGA/DACN/rtl/core/ascon_aead_fsm.v:10]
INFO: [Synth 8-6155] done synthesizing module 'ascon_apb' (0#1) [E:/Project_FPGA/DACN/rtl/ip/ascon_apb.v:12]
WARNING: [Synth 8-3917] design ascon_apb has port pready driven by constant 1
---------------------------------------------------------------------------------
Finished RTL Elaboration : Time (s): cpu = 00:00:04 ; elapsed = 00:00:04 . Memory (MB): peak = 1303.016 ; gain = 507.117
---------------------------------------------------------------------------------
---------------------------------------------------------------------------------
Start Handling Custom Attributes
---------------------------------------------------------------------------------
---------------------------------------------------------------------------------
Finished Handling Custom Attributes : Time (s): cpu = 00:00:04 ; elapsed = 00:00:04 . Memory (MB): peak = 1303.016 ; gain = 507.117
---------------------------------------------------------------------------------
---------------------------------------------------------------------------------
Finished RTL Optimization Phase 1 : Time (s): cpu = 00:00:04 ; elapsed = 00:00:04 . Memory (MB): peak = 1303.016 ; gain = 507.117
---------------------------------------------------------------------------------
Netlist sorting complete. Time (s): cpu = 00:00:00 ; elapsed = 00:00:00.034 . Memory (MB): peak = 1303.016 ; gain = 0.000
INFO: [Project 1-570] Preparing netlist for logic optimization

Processing XDC Constraints
Initializing timing engine
Parsing XDC File [E:/Project_FPGA/DACN/constraints/ascon_apb_ooc.xdc]
Finished Parsing XDC File [E:/Project_FPGA/DACN/constraints/ascon_apb_ooc.xdc]
Completed Processing XDC Constraints

Netlist sorting complete. Time (s): cpu = 00:00:00 ; elapsed = 00:00:00 . Memory (MB): peak = 1416.820 ; gain = 0.000
INFO: [Project 1-111] Unisim Transformation Summary:
No Unisim elements were transformed.

Constraint Validation Runtime : Time (s): cpu = 00:00:00 ; elapsed = 00:00:00.021 . Memory (MB): peak = 1416.820 ; gain = 0.000
INFO: [Synth 8-11241] undeclared symbol 'REGCCE', assumed default net type 'wire' [C:/Xilinx/Vivado/2022.2/data/verilog/src/unimacro/BRAM_SINGLE_MACRO.v:2170]
---------------------------------------------------------------------------------
Finished Constraint Validation : Time (s): cpu = 00:00:09 ; elapsed = 00:00:09 . Memory (MB): peak = 1416.820 ; gain = 620.922
---------------------------------------------------------------------------------
---------------------------------------------------------------------------------
Start Loading Part and Timing Information
---------------------------------------------------------------------------------
Loading part: xc7a35tcpg236-1
---------------------------------------------------------------------------------
Finished Loading Part and Timing Information : Time (s): cpu = 00:00:09 ; elapsed = 00:00:09 . Memory (MB): peak = 1416.820 ; gain = 620.922
---------------------------------------------------------------------------------
---------------------------------------------------------------------------------
Start Applying 'set_property' XDC Constraints
---------------------------------------------------------------------------------
---------------------------------------------------------------------------------
Finished applying 'set_property' XDC Constraints : Time (s): cpu = 00:00:09 ; elapsed = 00:00:09 . Memory (MB): peak = 1416.820 ; gain = 620.922
---------------------------------------------------------------------------------
---------------------------------------------------------------------------------
Finished RTL Optimization Phase 2 : Time (s): cpu = 00:00:10 ; elapsed = 00:00:10 . Memory (MB): peak = 1416.820 ; gain = 620.922
---------------------------------------------------------------------------------
---------------------------------------------------------------------------------
Start RTL Component Statistics 
---------------------------------------------------------------------------------
Detailed RTL Component Info : 
+---Adders : 
	   2 Input    4 Bit       Adders := 1     
	   2 Input    3 Bit       Adders := 1     
+---XORs : 
	   2 Input    128 Bit         XORs := 1     
	   2 Input     64 Bit         XORs := 13    
	   3 Input     64 Bit         XORs := 7     
	   2 Input      8 Bit         XORs := 16    
+---Registers : 
	              320 Bit    Registers := 1     
	              128 Bit    Registers := 9     
	                5 Bit    Registers := 2     
	                4 Bit    Registers := 2     
	                3 Bit    Registers := 5     
	                1 Bit    Registers := 15    
+---Muxes : 
	   2 Input  320 Bit        Muxes := 1     
	   2 Input  128 Bit        Muxes := 4     
	   8 Input  128 Bit        Muxes := 1     
	  19 Input  128 Bit        Muxes := 4     
	  10 Input   32 Bit        Muxes := 1     
	   2 Input   32 Bit        Muxes := 1     
	   2 Input    8 Bit        Muxes := 39    
	   2 Input    4 Bit        Muxes := 2     
	   8 Input    4 Bit        Muxes := 1     
	   8 Input    3 Bit        Muxes := 1     
	  12 Input    3 Bit        Muxes := 1     
	   2 Input    1 Bit        Muxes := 31    
	   3 Input    1 Bit        Muxes := 1     
	   8 Input    1 Bit        Muxes := 11    
	   5 Input    1 Bit        Muxes := 1     
	  18 Input    1 Bit        Muxes := 3     
---------------------------------------------------------------------------------
Finished RTL Component Statistics 
---------------------------------------------------------------------------------
---------------------------------------------------------------------------------
Start Part Resource Summary
---------------------------------------------------------------------------------
Part Resources:
DSPs: 90 (col length:60)
BRAMs: 100 (col length: RAMB18 60 RAMB36 30)
---------------------------------------------------------------------------------
Finished Part Resource Summary
---------------------------------------------------------------------------------
---------------------------------------------------------------------------------
Start Cross Boundary and Area Optimization
---------------------------------------------------------------------------------
WARNING: [Synth 8-7080] Parallel synthesis criteria is not met
WARNING: [Synth 8-3917] design ascon_apb has port pready driven by constant 1
---------------------------------------------------------------------------------
Finished Cross Boundary and Area Optimization : Time (s): cpu = 00:00:16 ; elapsed = 00:00:16 . Memory (MB): peak = 1416.820 ; gain = 620.922
---------------------------------------------------------------------------------
---------------------------------------------------------------------------------
Start Applying XDC Timing Constraints
---------------------------------------------------------------------------------
---------------------------------------------------------------------------------
Finished Applying XDC Timing Constraints : Time (s): cpu = 00:00:19 ; elapsed = 00:00:20 . Memory (MB): peak = 1416.820 ; gain = 620.922
---------------------------------------------------------------------------------
---------------------------------------------------------------------------------
Start Timing Optimization
---------------------------------------------------------------------------------
---------------------------------------------------------------------------------
Finished Timing Optimization : Time (s): cpu = 00:00:24 ; elapsed = 00:00:24 . Memory (MB): peak = 1445.281 ; gain = 649.383
---------------------------------------------------------------------------------
---------------------------------------------------------------------------------
Start Technology Mapping
---------------------------------------------------------------------------------
---------------------------------------------------------------------------------
Finished Technology Mapping : Time (s): cpu = 00:00:24 ; elapsed = 00:00:25 . Memory (MB): peak = 1454.352 ; gain = 658.453
---------------------------------------------------------------------------------
---------------------------------------------------------------------------------
Start IO Insertion
---------------------------------------------------------------------------------
---------------------------------------------------------------------------------
Start Flattening Before IO Insertion
---------------------------------------------------------------------------------
---------------------------------------------------------------------------------
Finished Flattening Before IO Insertion
---------------------------------------------------------------------------------
---------------------------------------------------------------------------------
Start Final Netlist Cleanup
---------------------------------------------------------------------------------
---------------------------------------------------------------------------------
Finished Final Netlist Cleanup
---------------------------------------------------------------------------------
---------------------------------------------------------------------------------
Finished IO Insertion : Time (s): cpu = 00:00:27 ; elapsed = 00:00:28 . Memory (MB): peak = 1454.352 ; gain = 658.453
---------------------------------------------------------------------------------
---------------------------------------------------------------------------------
Start Renaming Generated Instances
---------------------------------------------------------------------------------
---------------------------------------------------------------------------------
Finished Renaming Generated Instances : Time (s): cpu = 00:00:27 ; elapsed = 00:00:28 . Memory (MB): peak = 1454.352 ; gain = 658.453
---------------------------------------------------------------------------------
---------------------------------------------------------------------------------
Start Rebuilding User Hierarchy
---------------------------------------------------------------------------------
---------------------------------------------------------------------------------
Finished Rebuilding User Hierarchy : Time (s): cpu = 00:00:27 ; elapsed = 00:00:28 . Memory (MB): peak = 1454.352 ; gain = 658.453
---------------------------------------------------------------------------------
---------------------------------------------------------------------------------
Start Renaming Generated Ports
---------------------------------------------------------------------------------
---------------------------------------------------------------------------------
Finished Renaming Generated Ports : Time (s): cpu = 00:00:27 ; elapsed = 00:00:28 . Memory (MB): peak = 1454.352 ; gain = 658.453
---------------------------------------------------------------------------------
---------------------------------------------------------------------------------
Start Handling Custom Attributes
---------------------------------------------------------------------------------
---------------------------------------------------------------------------------
Finished Handling Custom Attributes : Time (s): cpu = 00:00:27 ; elapsed = 00:00:28 . Memory (MB): peak = 1454.352 ; gain = 658.453
---------------------------------------------------------------------------------
---------------------------------------------------------------------------------
Start Renaming Generated Nets
---------------------------------------------------------------------------------
---------------------------------------------------------------------------------
Finished Renaming Generated Nets : Time (s): cpu = 00:00:27 ; elapsed = 00:00:28 . Memory (MB): peak = 1454.352 ; gain = 658.453
---------------------------------------------------------------------------------
---------------------------------------------------------------------------------
Start Writing Synthesis Report
---------------------------------------------------------------------------------

Report BlackBoxes: 
+-+--------------+----------+
| |BlackBox name |Instances |
+-+--------------+----------+
+-+--------------+----------+

Report Cell Usage: 
+------+-------+------+
|      |Cell   |Count |
+------+-------+------+
|1     |CARRY4 |    11|
|2     |LUT1   |     1|
|3     |LUT2   |   144|
|4     |LUT3   |   199|
|5     |LUT4   |   344|
|6     |LUT5   |   635|
|7     |LUT6   |   859|
|8     |FDCE   |  1520|
+------+-------+------+
---------------------------------------------------------------------------------
Finished Writing Synthesis Report : Time (s): cpu = 00:00:27 ; elapsed = 00:00:28 . Memory (MB): peak = 1454.352 ; gain = 658.453
---------------------------------------------------------------------------------
Synthesis finished with 0 errors, 0 critical warnings and 2 warnings.
Synthesis Optimization Runtime : Time (s): cpu = 00:00:21 ; elapsed = 00:00:27 . Memory (MB): peak = 1454.352 ; gain = 544.648
Synthesis Optimization Complete : Time (s): cpu = 00:00:27 ; elapsed = 00:00:28 . Memory (MB): peak = 1454.352 ; gain = 658.453
INFO: [Project 1-571] Translating synthesized netlist
Netlist sorting complete. Time (s): cpu = 00:00:01 ; elapsed = 00:00:00.018 . Memory (MB): peak = 1466.219 ; gain = 0.000
INFO: [Netlist 29-17] Analyzing 11 Unisim elements for replacement
INFO: [Netlist 29-28] Unisim Transformation completed in 0 CPU seconds
INFO: [Project 1-570] Preparing netlist for logic optimization
Parsing XDC File [E:/Project_FPGA/DACN/constraints/ascon_apb_ooc.xdc]
Finished Parsing XDC File [E:/Project_FPGA/DACN/constraints/ascon_apb_ooc.xdc]
INFO: [Opt 31-138] Pushed 0 inverter(s) to 0 load pin(s).
Netlist sorting complete. Time (s): cpu = 00:00:00 ; elapsed = 00:00:00 . Memory (MB): peak = 1469.898 ; gain = 0.000
INFO: [Project 1-111] Unisim Transformation Summary:
No Unisim elements were transformed.

Synth Design complete, checksum: 4e27faa4
INFO: [Common 17-83] Releasing license: Synthesis
29 Infos, 3 Warnings, 0 Critical Warnings and 0 Errors encountered.
synth_design completed successfully
synth_design: Time (s): cpu = 00:00:30 ; elapsed = 00:00:33 . Memory (MB): peak = 1469.898 ; gain = 1074.797
# report_utilization -file [file join $report_dir report_utilization.rpt]
# write_checkpoint -force [file join $report_dir post_synth.dcp]
INFO: [Timing 38-35] Done setting XDC timing constraints.
INFO: [Timing 38-480] Writing timing data to binary archive.
INFO: [Common 17-1381] The checkpoint 'E:/Project_FPGA/DACN/reports/post_synth.dcp' has been generated.
# puts "=== SYNTH OOC DONE: $top_module tren $part_name ==="
=== SYNTH OOC DONE: ascon_apb tren xc7a35tcpg236-1 ===
INFO: [Common 17-206] Exiting Vivado at Wed Sep  2 14:22:11 2026...
