Copyright 1986-2022 Xilinx, Inc. All Rights Reserved.
------------------------------------------------------------------------------------
| Tool Version : Vivado v.2022.2 (win64) Build 3671981 Fri Oct 14 05:00:03 MDT 2022
| Date         : Wed Sep  2 14:57:17 2026
| Host         : DESKTOP-B2JP29G running 64-bit major release  (build 9200)
| Command      : report_timing_summary -file reports/timing_summary.rpt
| Design       : ascon_apb
| Device       : 7a35t-cpg236
| Speed File   : -1  PRODUCTION 1.23 2018-06-13
------------------------------------------------------------------------------------

Timing Summary Report

------------------------------------------------------------------------------------------------
| Timer Settings
| --------------
------------------------------------------------------------------------------------------------

  Enable Multi Corner Analysis               :  Yes
  Enable Pessimism Removal                   :  Yes
  Pessimism Removal Resolution               :  Nearest Common Node
  Enable Input Delay Default Clock           :  No
  Enable Preset / Clear Arcs                 :  No
  Disable Flight Delays                      :  No
  Ignore I/O Paths                           :  No
  Timing Early Launch at Borrowing Latches   :  No
  Borrow Time for Max Delay Exceptions       :  Yes
  Merge Timing Exceptions                    :  Yes

  Corner  Analyze    Analyze    
  Name    Max Paths  Min Paths  
  ------  ---------  ---------  
  Slow    Yes        Yes        
  Fast    Yes        Yes        


------------------------------------------------------------------------------------------------
| Report Methodology
| ------------------
------------------------------------------------------------------------------------------------

No report available as report_methodology has not been run prior. Run report_methodology on the current design for the summary of methodology violations.



check_timing report

Table of Contents
-----------------
1. checking no_clock (0)
2. checking constant_clock (0)
3. checking pulse_width_clock (0)
4. checking unconstrained_internal_endpoints (0)
5. checking no_input_delay (44)
6. checking no_output_delay (33)
7. checking multiple_clock (0)
8. checking generated_clocks (0)
9. checking loops (0)
10. checking partial_input_delay (0)
11. checking partial_output_delay (0)
12. checking latch_loops (0)

1. checking no_clock (0)
------------------------
 There are 0 register/latch pins with no clock.


2. checking constant_clock (0)
------------------------------
 There are 0 register/latch pins with constant_clock.


3. checking pulse_width_clock (0)
---------------------------------
 There are 0 register/latch pins which need pulse_width check


4. checking unconstrained_internal_endpoints (0)
------------------------------------------------
 There are 0 pins that are not constrained for maximum delay.

 There are 0 pins that are not constrained for maximum delay due to constant clock.


5. checking no_input_delay (44)
-------------------------------
 There are 44 input ports with no input delay specified. (HIGH)

 There are 0 input ports with no input delay but user has a false path constraint.


6. checking no_output_delay (33)
--------------------------------
 There are 33 ports with no output delay specified. (HIGH)

 There are 0 ports with no output delay but user has a false path constraint

 There are 0 ports with no output delay but with a timing clock defined on it or propagating through it


7. checking multiple_clock (0)
------------------------------
 There are 0 register/latch pins with multiple clocks.


8. checking generated_clocks (0)
--------------------------------
 There are 0 generated clocks that are not connected to a clock source.


9. checking loops (0)
---------------------
 There are 0 combinational loops in the design.


10. checking partial_input_delay (0)
------------------------------------
 There are 0 input ports with partial input delay specified.


11. checking partial_output_delay (0)
-------------------------------------
 There are 0 ports with partial output delay specified.


12. checking latch_loops (0)
----------------------------
 There are 0 combinational latch loops in the design through latch input



------------------------------------------------------------------------------------------------
| Design Timing Summary
| ---------------------
------------------------------------------------------------------------------------------------

    WNS(ns)      TNS(ns)  TNS Failing Endpoints  TNS Total Endpoints      WHS(ns)      THS(ns)  THS Failing Endpoints  THS Total Endpoints     WPWS(ns)     TPWS(ns)  TPWS Failing Endpoints  TPWS Total Endpoints  
    -------      -------  ---------------------  -------------------      -------      -------  ---------------------  -------------------     --------     --------  ----------------------  --------------------  
      0.216        0.000                      0                 1983        0.140        0.000                      0                 1983        2.500        0.000                       0                  1520  


All user specified timing constraints are met.


------------------------------------------------------------------------------------------------
| Clock Summary
| -------------
------------------------------------------------------------------------------------------------

Clock  Waveform(ns)         Period(ns)      Frequency(MHz)
-----  ------------         ----------      --------------
pclk   {0.000 3.000}        6.000           166.667         


------------------------------------------------------------------------------------------------
| Intra Clock Table
| -----------------
------------------------------------------------------------------------------------------------

Clock             WNS(ns)      TNS(ns)  TNS Failing Endpoints  TNS Total Endpoints      WHS(ns)      THS(ns)  THS Failing Endpoints  THS Total Endpoints     WPWS(ns)     TPWS(ns)  TPWS Failing Endpoints  TPWS Total Endpoints  
-----             -------      -------  ---------------------  -------------------      -------      -------  ---------------------  -------------------     --------     --------  ----------------------  --------------------  
pclk                0.216        0.000                      0                 1983        0.140        0.000                      0                 1983        2.500        0.000                       0                  1520  


------------------------------------------------------------------------------------------------
| Inter Clock Table
| -----------------
------------------------------------------------------------------------------------------------

From Clock    To Clock          WNS(ns)      TNS(ns)  TNS Failing Endpoints  TNS Total Endpoints      WHS(ns)      THS(ns)  THS Failing Endpoints  THS Total Endpoints  
----------    --------          -------      -------  ---------------------  -------------------      -------      -------  ---------------------  -------------------  


------------------------------------------------------------------------------------------------
| Other Path Groups Table
| -----------------------
------------------------------------------------------------------------------------------------

Path Group    From Clock    To Clock          WNS(ns)      TNS(ns)  TNS Failing Endpoints  TNS Total Endpoints      WHS(ns)      THS(ns)  THS Failing Endpoints  THS Total Endpoints  
----------    ----------    --------          -------      -------  ---------------------  -------------------      -------      -------  ---------------------  -------------------  


------------------------------------------------------------------------------------------------
| Timing Details
| --------------
------------------------------------------------------------------------------------------------


---------------------------------------------------------------------------------------------------
From Clock:  pclk
  To Clock:  pclk

Setup :            0  Failing Endpoints,  Worst Slack        0.216ns,  Total Violation        0.000ns
Hold  :            0  Failing Endpoints,  Worst Slack        0.140ns,  Total Violation        0.000ns
PW    :            0  Failing Endpoints,  Worst Slack        2.500ns,  Total Violation        0.000ns
---------------------------------------------------------------------------------------------------


Max Delay Paths
--------------------------------------------------------------------------------------
Slack (MET) :             0.216ns  (required time - arrival time)
  Source:                 u_fsm/state_reg[0]_rep__0/C
                            (rising edge-triggered cell FDCE clocked by pclk  {rise@0.000ns fall@3.000ns period=6.000ns})
  Destination:            u_fsm/u_perm/state_reg[223]/D
                            (rising edge-triggered cell FDCE clocked by pclk  {rise@0.000ns fall@3.000ns period=6.000ns})
  Path Group:             pclk
  Path Type:              Setup (Max at Slow Process Corner)
  Requirement:            6.000ns  (pclk rise@6.000ns - pclk rise@0.000ns)
  Data Path Delay:        5.777ns  (logic 1.250ns (21.637%)  route 4.527ns (78.363%))
  Logic Levels:           4  (LUT3=1 LUT4=1 LUT5=1 LUT6=1)
  Clock Path Skew:        -0.049ns (DCD - SCD + CPR)
    Destination Clock Delay (DCD):    0.924ns = ( 6.924 - 6.000 ) 
    Source Clock Delay      (SCD):    0.973ns
    Clock Pessimism Removal (CPR):    0.000ns
  Clock Uncertainty:      0.035ns  ((TSJ^2 + TIJ^2)^1/2 + DJ) / 2 + PE
    Total System Jitter     (TSJ):    0.071ns
    Total Input Jitter      (TIJ):    0.000ns
    Discrete Jitter          (DJ):    0.000ns
    Phase Error              (PE):    0.000ns

    Location             Delay type                Incr(ns)  Path(ns)    Netlist Resource(s)
  -------------------------------------------------------------------    -------------------
                         (clock pclk rise edge)       0.000     0.000 r  
                                                      0.000     0.000 r  pclk (IN)
                         net (fo=1519, unset)         0.973     0.973    u_fsm/pclk
    SLICE_X8Y109         FDCE                                         r  u_fsm/state_reg[0]_rep__0/C
  -------------------------------------------------------------------    -------------------
    SLICE_X8Y109         FDCE (Prop_fdce_C_Q)         0.518     1.491 f  u_fsm/state_reg[0]_rep__0/Q
                         net (fo=121, routed)         1.222     2.713    u_fsm/u_perm/state_reg[0]_3
    SLICE_X11Y112        LUT3 (Prop_lut3_I1_O)        0.152     2.865 f  u_fsm/u_perm/state[279]_i_3/O
                         net (fo=250, routed)         0.867     3.732    u_fsm/u_perm/state_reg[2]_rep__0
    SLICE_X9Y117         LUT4 (Prop_lut4_I0_O)        0.332     4.064 f  u_fsm/u_perm/state[319]_i_9/O
                         net (fo=28, routed)          1.568     5.633    u_fsm/u_perm/state[319]_i_9_n_0
    SLICE_X28Y109        LUT5 (Prop_lut5_I0_O)        0.124     5.757 f  u_fsm/u_perm/state[223]_i_4/O
                         net (fo=7, routed)           0.870     6.626    u_fsm/u_perm/state[223]_i_4_n_0
    SLICE_X30Y107        LUT6 (Prop_lut6_I3_O)        0.124     6.750 r  u_fsm/u_perm/state[223]_i_1/O
                         net (fo=1, routed)           0.000     6.750    u_fsm/u_perm/p_1_in[223]
    SLICE_X30Y107        FDCE                                         r  u_fsm/u_perm/state_reg[223]/D
  -------------------------------------------------------------------    -------------------

                         (clock pclk rise edge)       6.000     6.000 r  
                                                      0.000     6.000 r  pclk (IN)
                         net (fo=1519, unset)         0.924     6.924    u_fsm/u_perm/pclk
    SLICE_X30Y107        FDCE                                         r  u_fsm/u_perm/state_reg[223]/C
                         clock pessimism              0.000     6.924    
                         clock uncertainty           -0.035     6.889    
    SLICE_X30Y107        FDCE (Setup_fdce_C_D)        0.077     6.966    u_fsm/u_perm/state_reg[223]
  -------------------------------------------------------------------
                         required time                          6.966    
                         arrival time                          -6.750    
  -------------------------------------------------------------------
                         slack                                  0.216    





Min Delay Paths
--------------------------------------------------------------------------------------
Slack (MET) :             0.140ns  (arrival time - required time)
  Source:                 din_r_reg[49]/C
                            (rising edge-triggered cell FDCE clocked by pclk  {rise@0.000ns fall@3.000ns period=6.000ns})
  Destination:            u_fsm/last_pt_r_reg[49]/D
                            (rising edge-triggered cell FDCE clocked by pclk  {rise@0.000ns fall@3.000ns period=6.000ns})
  Path Group:             pclk
  Path Type:              Hold (Min at Fast Process Corner)
  Requirement:            0.000ns  (pclk rise@0.000ns - pclk rise@0.000ns)
  Data Path Delay:        0.252ns  (logic 0.186ns (73.765%)  route 0.066ns (26.235%))
  Logic Levels:           1  (LUT4=1)
  Clock Path Skew:        0.022ns (DCD - SCD - CPR)
    Destination Clock Delay (DCD):    0.432ns
    Source Clock Delay      (SCD):    0.410ns
    Clock Pessimism Removal (CPR):    -0.000ns

    Location             Delay type                Incr(ns)  Path(ns)    Netlist Resource(s)
  -------------------------------------------------------------------    -------------------
                         (clock pclk rise edge)       0.000     0.000 r  
                                                      0.000     0.000 r  pclk (IN)
                         net (fo=1519, unset)         0.410     0.410    pclk
    SLICE_X20Y121        FDCE                                         r  din_r_reg[49]/C
  -------------------------------------------------------------------    -------------------
    SLICE_X20Y121        FDCE (Prop_fdce_C_Q)         0.141     0.551 r  din_r_reg[49]/Q
                         net (fo=4, routed)           0.066     0.617    u_fsm/u_perm/last_pt_r_reg[127][49]
    SLICE_X21Y121        LUT4 (Prop_lut4_I0_O)        0.045     0.662 r  u_fsm/u_perm/last_pt_r[49]_i_1/O
                         net (fo=1, routed)           0.000     0.662    u_fsm/dout_calc[49]
    SLICE_X21Y121        FDCE                                         r  u_fsm/last_pt_r_reg[49]/D
  -------------------------------------------------------------------    -------------------

                         (clock pclk rise edge)       0.000     0.000 r  
                                                      0.000     0.000 r  pclk (IN)
                         net (fo=1519, unset)         0.432     0.432    u_fsm/pclk
    SLICE_X21Y121        FDCE                                         r  u_fsm/last_pt_r_reg[49]/C
                         clock pessimism              0.000     0.432    
    SLICE_X21Y121        FDCE (Hold_fdce_C_D)         0.091     0.523    u_fsm/last_pt_r_reg[49]
  -------------------------------------------------------------------
                         required time                         -0.523    
                         arrival time                           0.662    
  -------------------------------------------------------------------
                         slack                                  0.140    





Pulse Width Checks
--------------------------------------------------------------------------------------
Clock Name:         pclk
Waveform(ns):       { 0.000 3.000 }
Period(ns):         6.000
Sources:            { pclk }

Check Type        Corner  Lib Pin  Reference Pin  Required(ns)  Actual(ns)  Slack(ns)  Location      Pin
Min Period        n/a     FDCE/C   n/a            1.000         6.000       5.000      SLICE_X5Y119  din_count_reg[0]/C
Low Pulse Width   Slow    FDCE/C   n/a            0.500         3.000       2.500      SLICE_X5Y119  din_count_reg[0]/C
High Pulse Width  Slow    FDCE/C   n/a            0.500         3.000       2.500      SLICE_X5Y119  din_count_reg[0]/C



